  [48;2;125;121;246m [m[1;38;2;255;255;255;48;2;125;121;246mGoNotes[m[48;2;125;121;246m [m                                                                     
                                                                                
  [38;2;119;119;119m3 notes[m                                                                       
                                                                                
[38;2;125;121;246m│[m[48;2;57;56;93m [m[38;2;125;121;246;48;2;57;56;93mAlpha note[m                                                                    
[38;2;125;121;246m│[m[48;2;57;56;93m [m[38;2;108;108;108;48;2;57;56;93m[38;2;108;108;108m2026-08-14[m  Alpha[m                                                             
                                                                                
  [38;2;221;221;221mBeta note[m                                                                     
  [38;2;119;119;119m[38;2;108;108;108m2026-08-14  #work,urgent[m  Beta has a plain body and no heading.[m               
                                                                                
  [38;2;221;221;221m[38;2;255;196;107m⚑ [mGamma note[m                                                                  
  [38;2;119;119;119m[38;2;108;108;108m2026-08-14[m  [m                                                                  
                                                                                
                                                                                
                                                                                
                                                                                
                                                                                
                                                                                
                                                                                
                                                                                
                                                                                
                                                                                
                                                                                
  [38;2;98;98;98m↑/k[m [38;2;74;74;74mup[m[38;2;60;60;60m • [m[38;2;98;98;98m↓/j[m [38;2;74;74;74mdown[m[38;2;60;60;60m • [m[38;2;98;98;98m/[m [38;2;74;74;74mfilter[m[38;2;60;60;60m • [m[38;2;98;98;98menter[m [38;2;74;74;74mview[m[38;2;60;60;60m • [m[38;2;98;98;98mn[m [38;2;74;74;74mnew[m[38;2;60;60;60m • [m[38;2;98;98;98me[m [38;2;74;74;74medit[m[38;2;60;60;60m • [m[38;2;98;98;98md[m [38;2;74;74;74mdelete[m[38;2;60;60;60m • [m[38;2;98;98;98mf[m [38;2;74;74;74mflag[m[38;2;60;60;60m[m[38;2;98;98;98m[m[38;2;74;74;74m[m[38;2;60;60;60m[m[38;2;98;98;98m[m[38;2;74;74;74m[m[38;2;60;60;60m[m[38;2;98;98;98m[m[38;2;74;74;74m[m[38;2;60;60;60m[m[38;2;98;98;98m[m[38;2;74;74;74m[m[38;2;60;60;60m[m[38;2;98;98;98m[m[38;2;74;74;74m[m[38;2;60;60;60m[m[38;2;98;98;98m[m[38;2;74;74;74m[m